running develop
running egg_info
creating lidar3d_bringup.egg-info
writing lidar3d_bringup.egg-info/PKG-INFO
writing dependency_links to lidar3d_bringup.egg-info/dependency_links.txt
writing entry points to lidar3d_bringup.egg-info/entry_points.txt
writing requirements to lidar3d_bringup.egg-info/requires.txt
writing top-level names to lidar3d_bringup.egg-info/top_level.txt
writing manifest file 'lidar3d_bringup.egg-info/SOURCES.txt'
reading manifest file 'lidar3d_bringup.egg-info/SOURCES.txt'
writing manifest file 'lidar3d_bringup.egg-info/SOURCES.txt'
running build_ext
Creating /home/yaoh/lidar3d_ws/install/lidar3d_bringup/lib/python3.10/site-packages/lidar3d-bringup.egg-link (link to .)
Installing tf_publisher script to /home/yaoh/lidar3d_ws/install/lidar3d_bringup/lib/lidar3d_bringup

Installed /home/yaoh/lidar3d_ws/build/lidar3d_bringup
running symlink_data
creating /home/yaoh/lidar3d_ws/install/lidar3d_bringup/share/ament_index
creating /home/yaoh/lidar3d_ws/install/lidar3d_bringup/share/ament_index/resource_index
creating /home/yaoh/lidar3d_ws/install/lidar3d_bringup/share/ament_index/resource_index/packages
symbolically linking /home/yaoh/lidar3d_ws/build/lidar3d_bringup/resource/lidar3d_bringup -> /home/yaoh/lidar3d_ws/install/lidar3d_bringup/share/ament_index/resource_index/packages
symbolically linking /home/yaoh/lidar3d_ws/build/lidar3d_bringup/package.xml -> /home/yaoh/lidar3d_ws/install/lidar3d_bringup/share/lidar3d_bringup
creating /home/yaoh/lidar3d_ws/install/lidar3d_bringup/share/lidar3d_bringup/launch
symbolically linking /home/yaoh/lidar3d_ws/build/lidar3d_bringup/launch/play_and_viz.launch.py -> /home/yaoh/lidar3d_ws/install/lidar3d_bringup/share/lidar3d_bringup/launch
creating /home/yaoh/lidar3d_ws/install/lidar3d_bringup/share/lidar3d_bringup/rviz
symbolically linking /home/yaoh/lidar3d_ws/build/lidar3d_bringup/rviz/lidar3d.rviz -> /home/yaoh/lidar3d_ws/install/lidar3d_bringup/share/lidar3d_bringup/rviz
