[0.629s] Invoking command in '/home/yaoh/lidar3d_ws/build/lidar3d_bringup': PYTHONPATH=/home/yaoh/lidar3d_ws/build/lidar3d_bringup/prefix_override:/usr/lib/python3/dist-packages/colcon_core/task/python/colcon_distutils_commands:/home/yaoh/lidar3d_ws/install/lidar3d_bringup/lib/python3.10/site-packages:${PYTHONPATH} /usr/bin/python3 -W ignore:setup.py install is deprecated -W ignore:easy_install command is deprecated setup.py develop --editable --build-directory /home/yaoh/lidar3d_ws/build/lidar3d_bringup/build --no-deps symlink_data
[0.797s] running develop
[0.895s] running egg_info
[0.895s] creating lidar3d_bringup.egg-info
[0.895s] writing lidar3d_bringup.egg-info/PKG-INFO
[0.895s] writing dependency_links to lidar3d_bringup.egg-info/dependency_links.txt
[0.895s] writing entry points to lidar3d_bringup.egg-info/entry_points.txt
[0.895s] writing requirements to lidar3d_bringup.egg-info/requires.txt
[0.895s] writing top-level names to lidar3d_bringup.egg-info/top_level.txt
[0.896s] writing manifest file 'lidar3d_bringup.egg-info/SOURCES.txt'
[0.897s] reading manifest file 'lidar3d_bringup.egg-info/SOURCES.txt'
[0.898s] writing manifest file 'lidar3d_bringup.egg-info/SOURCES.txt'
[0.899s] running build_ext
[0.899s] Creating /home/yaoh/lidar3d_ws/install/lidar3d_bringup/lib/python3.10/site-packages/lidar3d-bringup.egg-link (link to .)
[0.899s] Installing tf_publisher script to /home/yaoh/lidar3d_ws/install/lidar3d_bringup/lib/lidar3d_bringup
[0.899s] 
[0.899s] Installed /home/yaoh/lidar3d_ws/build/lidar3d_bringup
[0.900s] running symlink_data
[0.900s] creating /home/yaoh/lidar3d_ws/install/lidar3d_bringup/share/ament_index
[0.900s] creating /home/yaoh/lidar3d_ws/install/lidar3d_bringup/share/ament_index/resource_index
[0.900s] creating /home/yaoh/lidar3d_ws/install/lidar3d_bringup/share/ament_index/resource_index/packages
[0.900s] symbolically linking /home/yaoh/lidar3d_ws/build/lidar3d_bringup/resource/lidar3d_bringup -> /home/yaoh/lidar3d_ws/install/lidar3d_bringup/share/ament_index/resource_index/packages
[0.900s] symbolically linking /home/yaoh/lidar3d_ws/build/lidar3d_bringup/package.xml -> /home/yaoh/lidar3d_ws/install/lidar3d_bringup/share/lidar3d_bringup
[0.900s] creating /home/yaoh/lidar3d_ws/install/lidar3d_bringup/share/lidar3d_bringup/launch
[0.900s] symbolically linking /home/yaoh/lidar3d_ws/build/lidar3d_bringup/launch/play_and_viz.launch.py -> /home/yaoh/lidar3d_ws/install/lidar3d_bringup/share/lidar3d_bringup/launch
[0.900s] creating /home/yaoh/lidar3d_ws/install/lidar3d_bringup/share/lidar3d_bringup/rviz
[0.900s] symbolically linking /home/yaoh/lidar3d_ws/build/lidar3d_bringup/rviz/lidar3d.rviz -> /home/yaoh/lidar3d_ws/install/lidar3d_bringup/share/lidar3d_bringup/rviz
[0.923s] Invoked command in '/home/yaoh/lidar3d_ws/build/lidar3d_bringup' returned '0': PYTHONPATH=/home/yaoh/lidar3d_ws/build/lidar3d_bringup/prefix_override:/usr/lib/python3/dist-packages/colcon_core/task/python/colcon_distutils_commands:/home/yaoh/lidar3d_ws/install/lidar3d_bringup/lib/python3.10/site-packages:${PYTHONPATH} /usr/bin/python3 -W ignore:setup.py install is deprecated -W ignore:easy_install command is deprecated setup.py develop --editable --build-directory /home/yaoh/lidar3d_ws/build/lidar3d_bringup/build --no-deps symlink_data
